#-----------------------------------------------------------
# Vivado v2016.4 (64-bit)
# SW Build 1756540 on Mon Jan 23 19:11:23 MST 2017
# IP Build 1755317 on Mon Jan 23 20:30:07 MST 2017
# Start of session at: Sat May 26 23:39:31 2018
# Process ID: 9596
# Current directory: C:/Users/fu/Dropbox/UNI/MASTER/1M/PSM/DIGITALE/2018_vhdl/4-Final-project/SAD/vivado/SAD
# Command line: vivado.exe -gui_launcher_event rodinguilauncherevent6888 C:\Users\fu\Dropbox\UNI\MASTER\1M\PSM\DIGITALE\2018_vhdl\4-Final-project\SAD\vivado\SAD\SAD.xpr
# Log file: C:/Users/fu/Dropbox/UNI/MASTER/1M/PSM/DIGITALE/2018_vhdl/4-Final-project/SAD/vivado/SAD/vivado.log
# Journal file: C:/Users/fu/Dropbox/UNI/MASTER/1M/PSM/DIGITALE/2018_vhdl/4-Final-project/SAD/vivado/SAD\vivado.jou
#-----------------------------------------------------------
start_gui
open_project C:/Users/fu/Dropbox/UNI/MASTER/1M/PSM/DIGITALE/2018_vhdl/4-Final-project/SAD/vivado/SAD/SAD.xpr
set_property target_language VHDL [current_project]
synth_design -rtl -name rtl_1
write_schematic -format pdf -orientation portrait C:/Users/fu/Dropbox/UNI/MASTER/1M/PSM/DIGITALE/2018_vhdl/4-Final-project/SAD/src/schematic.pdf
write_schematic -format pdf -orientation landscape C:/Users/fu/Dropbox/UNI/MASTER/1M/PSM/DIGITALE/2018_vhdl/4-Final-project/SAD/src/schematic.pdf
write_schematic -format pdf -orientation landscape -scope visible C:/Users/fu/Dropbox/UNI/MASTER/1M/PSM/DIGITALE/2018_vhdl/4-Final-project/SAD/src/schematic.pdf
write_schematic -format pdf -orientation portrait C:/Users/fu/Dropbox/UNI/MASTER/1M/PSM/DIGITALE/2018_vhdl/4-Final-project/SAD/src/counter.pdf
launch_runs impl_1 -jobs 2
wait_on_run impl_1
open_run synth_1 -name synth_1
create_clock -period 8.000 -name PL_CLK_125 -waveform {0.000 4.000} [get_ports CLK]
file mkdir C:/Users/fu/Dropbox/UNI/MASTER/1M/PSM/DIGITALE/2018_vhdl/4-Final-project/SAD/vivado/SAD/SAD.srcs/constrs_1/new
close [ open C:/Users/fu/Dropbox/UNI/MASTER/1M/PSM/DIGITALE/2018_vhdl/4-Final-project/SAD/vivado/SAD/SAD.srcs/constrs_1/new/CLK_125.xdc w ]
add_files -fileset constrs_1 C:/Users/fu/Dropbox/UNI/MASTER/1M/PSM/DIGITALE/2018_vhdl/4-Final-project/SAD/vivado/SAD/SAD.srcs/constrs_1/new/CLK_125.xdc
set_property target_constrs_file C:/Users/fu/Dropbox/UNI/MASTER/1M/PSM/DIGITALE/2018_vhdl/4-Final-project/SAD/vivado/SAD/SAD.srcs/constrs_1/new/CLK_125.xdc [current_fileset -constrset]
save_constraints -force
reset_run synth_1
launch_runs impl_1 -jobs 2
wait_on_run impl_1
report_timing_summary -delay_type min_max -report_unconstrained -check_timing_verbose -max_paths 10 -input_pins -name timing_1
refresh_design
